dilshan@dilshan-ubuntu:~$ apt

apt 2.4.8 (amd64)

Usage: apt [options] command



apt is a commandline package manager and provides commands for

searching and managing as well as querying information about packages.

It provides the same functionality as the specialized APT tools,

like apt-get and apt-cache, but enables options more suitable for

interactive use by default.



Most used commands:

  list - list packages based on package names

  search - search in package descriptions

  show - show package details

  install - install packages

  reinstall - reinstall packages

  remove - remove packages

  autoremove - Remove automatically all unused packages

  update - update list of available packages

  upgrade - upgrade the system by installing/upgrading packages

  full-upgrade - upgrade the system by removing/installing/upgrading packages

  edit-sources - edit the source information file

  satisfy - satisfy dependency strings



See apt(8) for more information about the available commands.

Configuration options and syntax is detailed in apt.conf(5).

Information about how to configure sources can be found in sources.list(5).

Package and version choices can be expressed via apt_preferences(5).

Security details are available in apt-secure(8).

                                        This APT has Super Cow Powers.

dilshan@dilshan-ubuntu:~$ sudo apt search openjdk

[sudo] password for dilshan: 

Sorting... Done

Full Text Search... Done

crypto-policies/jammy,jammy 20190816git-1 all

  unify the crypto policies used by different applications and libraries



default-jdk/jammy 2:1.11-72build2 amd64

  Standard Java or Java compatible Development Kit



default-jdk-doc/jammy 2:1.11-72build2 amd64

  Standard Java or Java compatible Development Kit (documentation)



default-jdk-headless/jammy 2:1.11-72build2 amd64

  Standard Java or Java compatible Development Kit (headless)



default-jre/jammy 2:1.11-72build2 amd64

  Standard Java or Java compatible Runtime



default-jre-headless/jammy 2:1.11-72build2 amd64

  Standard Java or Java compatible Runtime (headless)



java-package/jammy,jammy 0.62 all

  Utility for creating Java Debian packages



jtreg/jammy,jammy 5.1-b01-2 all

  Regression Test Harness for the OpenJDK platform



jtreg6/jammy-updates,jammy-updates,jammy-security,jammy-security 6.1+2-1ubuntu1~22.04 all

  Regression Test Harness for the OpenJDK platform



libasmtools-java/jammy-updates,jammy-updates,jammy-security,jammy-security 7.0-b09-2ubuntu1~22.04 all

  OpenJDK AsmTools



libeclipse-collections-java/jammy,jammy 11.0.0.M3-2 all

  Eclipse Collections - comprehensive collections library for Java



libhsdis0-fcml/jammy 1.2.2-2 amd64

  HotSpot disassembler plugin using FCML



libjax-maven-plugin/jammy,jammy 0.1.8+dfsg-1 all

  Using the xjc goal with OpenJDK 11+



libreoffice/jammy-updates 1:7.3.7-0ubuntu0.22.04.2 amd64

  office productivity suite (metapackage)



openjdk-11-dbg/jammy-updates,jammy-security 11.0.19+7~us1-0ubuntu1~22.04.1 amd64

  Java runtime based on OpenJDK (debugging symbols)



openjdk-11-demo/jammy-updates,jammy-security 11.0.19+7~us1-0ubuntu1~22.04.1 amd64

  Java runtime based on OpenJDK (demos and examples)



openjdk-11-doc/jammy-updates,jammy-updates,jammy-security,jammy-security 11.0.19+7~us1-0ubuntu1~22.04.1 all

  OpenJDK Development Kit (JDK) documentation



openjdk-11-jdk/jammy-updates,jammy-security 11.0.19+7~us1-0ubuntu1~22.04.1 amd64

  OpenJDK Development Kit (JDK)



openjdk-11-jdk-headless/jammy-updates,jammy-security 11.0.19+7~us1-0ubuntu1~22.04.1 amd64

  OpenJDK Development Kit (JDK) (headless)



openjdk-11-jre/jammy-updates,jammy-security 11.0.19+7~us1-0ubuntu1~22.04.1 amd64

  OpenJDK Java runtime, using Hotspot JIT



openjdk-11-jre-dcevm/jammy 11.0.12+7-1 amd64

  Alternative VM for OpenJDK 11 with enhanced class redefinition



openjdk-11-jre-headless/jammy-updates,jammy-security 11.0.19+7~us1-0ubuntu1~22.04.1 amd64

  OpenJDK Java runtime, using Hotspot JIT (headless)



openjdk-11-jre-zero/jammy-updates,jammy-security 11.0.19+7~us1-0ubuntu1~22.04.1 amd64

  Alternative JVM for OpenJDK, using Zero



openjdk-11-source/jammy-updates,jammy-updates,jammy-security,jammy-security 11.0.19+7~us1-0ubuntu1~22.04.1 all

  OpenJDK Development Kit (JDK) source files



openjdk-17-dbg/jammy-updates,jammy-security 17.0.7+7~us1-0ubuntu1~22.04.2 amd64

  Java runtime based on OpenJDK (debugging symbols)



openjdk-17-demo/jammy-updates,jammy-security 17.0.7+7~us1-0ubuntu1~22.04.2 amd64

  Java runtime based on OpenJDK (demos and examples)



openjdk-17-doc/jammy-updates,jammy-updates,jammy-security,jammy-security 17.0.7+7~us1-0ubuntu1~22.04.2 all

  OpenJDK Development Kit (JDK) documentation



openjdk-17-jdk/jammy-updates,jammy-security 17.0.7+7~us1-0ubuntu1~22.04.2 amd64

  OpenJDK Development Kit (JDK)



openjdk-17-jdk-headless/jammy-updates,jammy-security 17.0.7+7~us1-0ubuntu1~22.04.2 amd64

  OpenJDK Development Kit (JDK) (headless)



openjdk-17-jre/jammy-updates,jammy-security 17.0.7+7~us1-0ubuntu1~22.04.2 amd64

  OpenJDK Java runtime, using Hotspot JIT



openjdk-17-jre-headless/jammy-updates,jammy-security 17.0.7+7~us1-0ubuntu1~22.04.2 amd64

  OpenJDK Java runtime, using Hotspot JIT (headless)



openjdk-17-jre-zero/jammy-updates,jammy-security 17.0.7+7~us1-0ubuntu1~22.04.2 amd64

  Alternative JVM for OpenJDK, using Zero



openjdk-17-source/jammy-updates,jammy-updates,jammy-security,jammy-security 17.0.7+7~us1-0ubuntu1~22.04.2 all

  OpenJDK Development Kit (JDK) source files



openjdk-18-dbg/jammy-updates,jammy-security 18.0.2+9-2~22.04 amd64

  Java runtime based on OpenJDK (debugging symbols)



openjdk-18-demo/jammy-updates,jammy-security 18.0.2+9-2~22.04 amd64

  Java runtime based on OpenJDK (demos and examples)



openjdk-18-doc/jammy-updates,jammy-updates,jammy-security,jammy-security 18.0.2+9-2~22.04 all

  OpenJDK Development Kit (JDK) documentation



openjdk-18-jdk/jammy-updates,jammy-security 18.0.2+9-2~22.04 amd64

  OpenJDK Development Kit (JDK)



openjdk-18-jdk-headless/jammy-updates,jammy-security 18.0.2+9-2~22.04 amd64

  OpenJDK Development Kit (JDK) (headless)



openjdk-18-jre/jammy-updates,jammy-security 18.0.2+9-2~22.04 amd64

  OpenJDK Java runtime, using Hotspot JIT



openjdk-18-jre-headless/jammy-updates,jammy-security 18.0.2+9-2~22.04 amd64

  OpenJDK Java runtime, using Hotspot JIT (headless)



openjdk-18-jre-zero/jammy-updates,jammy-security 18.0.2+9-2~22.04 amd64

  Alternative JVM for OpenJDK, using Zero



openjdk-18-source/jammy-updates,jammy-updates,jammy-security,jammy-security 18.0.2+9-2~22.04 all

  OpenJDK Development Kit (JDK) source files



openjdk-19-dbg/jammy-updates,jammy-security 19.0.2+7-0ubuntu3~22.04 amd64

  Java runtime based on OpenJDK (debugging symbols)



openjdk-19-demo/jammy-updates,jammy-security 19.0.2+7-0ubuntu3~22.04 amd64

  Java runtime based on OpenJDK (demos and examples)



openjdk-19-doc/jammy-updates,jammy-updates,jammy-security,jammy-security 19.0.2+7-0ubuntu3~22.04 all

  OpenJDK Development Kit (JDK) documentation



openjdk-19-jdk/jammy-updates,jammy-security 19.0.2+7-0ubuntu3~22.04 amd64

  OpenJDK Development Kit (JDK)



openjdk-19-jdk-headless/jammy-updates,jammy-security 19.0.2+7-0ubuntu3~22.04 amd64

  OpenJDK Development Kit (JDK) (headless)



openjdk-19-jre/jammy-updates,jammy-security 19.0.2+7-0ubuntu3~22.04 amd64

  OpenJDK Java runtime, using Hotspot JIT



openjdk-19-jre-headless/jammy-updates,jammy-security 19.0.2+7-0ubuntu3~22.04 amd64

  OpenJDK Java runtime, using Hotspot JIT (headless)



openjdk-19-jre-zero/jammy-updates,jammy-security 19.0.2+7-0ubuntu3~22.04 amd64

  Alternative JVM for OpenJDK, using Zero



openjdk-19-source/jammy-updates,jammy-updates,jammy-security,jammy-security 19.0.2+7-0ubuntu3~22.04 all

  OpenJDK Development Kit (JDK) source files



openjdk-8-dbg/jammy-updates,jammy-security 8u372-ga~us1-0ubuntu1~22.04 amd64

  Java runtime based on OpenJDK (debugging symbols)



openjdk-8-demo/jammy-updates,jammy-security 8u372-ga~us1-0ubuntu1~22.04 amd64

  Java runtime based on OpenJDK (demos and examples)



openjdk-8-doc/jammy-updates,jammy-updates,jammy-security,jammy-security 8u372-ga~us1-0ubuntu1~22.04 all

  OpenJDK Development Kit (JDK) documentation



openjdk-8-jdk/jammy-updates,jammy-security 8u372-ga~us1-0ubuntu1~22.04 amd64

  OpenJDK Development Kit (JDK)



openjdk-8-jdk-headless/jammy-updates,jammy-security 8u372-ga~us1-0ubuntu1~22.04 amd64

  OpenJDK Development Kit (JDK) (headless)



openjdk-8-jre/jammy-updates,jammy-security 8u372-ga~us1-0ubuntu1~22.04 amd64

  OpenJDK Java runtime, using Hotspot JIT



openjdk-8-jre-headless/jammy-updates,jammy-security 8u372-ga~us1-0ubuntu1~22.04 amd64

  OpenJDK Java runtime, using Hotspot JIT (headless)



openjdk-8-jre-zero/jammy-updates,jammy-security 8u372-ga~us1-0ubuntu1~22.04 amd64

  Alternative JVM for OpenJDK, using Zero/Shark



openjdk-8-source/jammy-updates,jammy-updates,jammy-security,jammy-security 8u372-ga~us1-0ubuntu1~22.04 all

  OpenJDK Development Kit (JDK) source files



uwsgi-app-integration-plugins/jammy 2.0.20-4 amd64

  plugins for integration of uWSGI and application



uwsgi-plugin-jvm-openjdk-11/jammy 2.0.20-4 amd64

  Java plugin for uWSGI (OpenJDK 11)



uwsgi-plugin-jwsgi-openjdk-11/jammy 2.0.20-4 amd64

  JWSGI plugin for uWSGI (OpenJDK 11)



uwsgi-plugin-ring-openjdk-11/jammy 2.0.20-4 amd64

  Closure/Ring plugin for uWSGI (OpenJDK 11)



uwsgi-plugin-servlet-openjdk-11/jammy 2.0.20-4 amd64

  JWSGI plugin for uWSGI (OpenJDK 11)


dilshan@dilshan-ubuntu:~$ java

Command 'java' not found, but can be installed with:

sudo apt install openjdk-11-jre-headless  # version 11.0.19+7~us1-0ubuntu1~22.04.1, or

sudo apt install default-jre              # version 2:1.11-72build2

sudo apt install openjdk-17-jre-headless  # version 17.0.7+7~us1-0ubuntu1~22.04.2

sudo apt install openjdk-18-jre-headless  # version 18.0.2+9-2~22.04

sudo apt install openjdk-19-jre-headless  # version 19.0.2+7-0ubuntu3~22.04

sudo apt install openjdk-8-jre-headless   # version 8u372-ga~us1-0ubuntu1~22.04

dilshan@dilshan-ubuntu:~$ sudo apt update

[sudo] password for dilshan: 

Hit:1 http://no.archive.ubuntu.com/ubuntu jammy InRelease

Hit:2 http://no.archive.ubuntu.com/ubuntu jammy-updates InRelease

Hit:3 http://no.archive.ubuntu.com/ubuntu jammy-backports InRelease

Get:4 http://security.ubuntu.com/ubuntu jammy-security InRelease [110 kB]

Get:5 http://security.ubuntu.com/ubuntu jammy-security/main amd64 Packages [389 kB]

Get:6 http://security.ubuntu.com/ubuntu jammy-security/main Translation-en [111 kB]

Get:7 http://security.ubuntu.com/ubuntu jammy-security/main amd64 DEP-11 Metadata [41,6 kB]

Get:8 http://security.ubuntu.com/ubuntu jammy-security/universe amd64 Packages [722 kB]

Get:9 http://security.ubuntu.com/ubuntu jammy-security/universe i386 Packages [527 kB]

Get:10 http://security.ubuntu.com/ubuntu jammy-security/universe Translation-en [125 kB]

Get:11 http://security.ubuntu.com/ubuntu jammy-security/universe amd64 DEP-11 Metadata [18,5 kB]

Fetched 2 044 kB in 6s (370 kB/s)                                     

Reading package lists... Done

Building dependency tree... Done

Reading state information... Done

152 packages can be upgraded. Run 'apt list --upgradable' to see them.



dilshan@dilshan-ubuntu:~$ sudo apt install openjdk-17-jre-headless

Reading package lists... Done

Building dependency tree... Done

Reading state information... Done

The following additional packages will be installed:

  ca-certificates-java java-common

Suggested packages:

  default-jre fonts-dejavu-extra fonts-ipafont-gothic fonts-ipafont-mincho fonts-wqy-microhei | fonts-wqy-zenhei

The following NEW packages will be installed:

  ca-certificates-java java-common openjdk-17-jre-headless

0 upgraded, 3 newly installed, 0 to remove and 152 not upgraded.

Need to get 48,3 MB of archives.

After this operation, 193 MB of additional disk space will be used.

Do you want to continue? [Y/n] Y

Get:1 http://no.archive.ubuntu.com/ubuntu jammy/main amd64 java-common all 0.72build2 [6 782 B]

Get:2 http://no.archive.ubuntu.com/ubuntu jammy-updates/universe amd64 openjdk-17-jre-headless amd64 17.0.7+7~us1-0ubuntu1~22.04.2 [48,3 MB]

Get:3 http://no.archive.ubuntu.com/ubuntu jammy-updates/main amd64 ca-certificates-java all 20190909ubuntu1.1 [12,0 kB]                                                                                   

Fetched 48,3 MB in 9s (5 168 kB/s)                                                                                                                                                                        

Selecting previously unselected package java-common.

(Reading database ... 197860 files and directories currently installed.)

Preparing to unpack .../java-common_0.72build2_all.deb ...

Unpacking java-common (0.72build2) ...

Selecting previously unselected package openjdk-17-jre-headless:amd64.

Preparing to unpack .../openjdk-17-jre-headless_17.0.7+7~us1-0ubuntu1~22.04.2_amd64.deb ...

Unpacking openjdk-17-jre-headless:amd64 (17.0.7+7~us1-0ubuntu1~22.04.2) ...

Selecting previously unselected package ca-certificates-java.

Preparing to unpack .../ca-certificates-java_20190909ubuntu1.1_all.deb ...

Unpacking ca-certificates-java (20190909ubuntu1.1) ...

Setting up java-common (0.72build2) ...

Setting up openjdk-17-jre-headless:amd64 (17.0.7+7~us1-0ubuntu1~22.04.2) ...

update-alternatives: using /usr/lib/jvm/java-17-openjdk-amd64/bin/java to provide /usr/bin/java (java) in auto mode

update-alternatives: using /usr/lib/jvm/java-17-openjdk-amd64/bin/jpackage to provide /usr/bin/jpackage (jpackage) in auto mode

update-alternatives: using /usr/lib/jvm/java-17-openjdk-amd64/bin/keytool to provide /usr/bin/keytool (keytool) in auto mode

update-alternatives: using /usr/lib/jvm/java-17-openjdk-amd64/bin/rmiregistry to provide /usr/bin/rmiregistry (rmiregistry) in auto mode

update-alternatives: using /usr/lib/jvm/java-17-openjdk-amd64/lib/jexec to provide /usr/bin/jexec (jexec) in auto mode

Setting up ca-certificates-java (20190909ubuntu1.1) ...

head: cannot open '/etc/ssl/certs/java/cacerts' for reading: No such file or directory

Adding debian:Certum_Trusted_Root_CA.pem

Adding debian:SSL.com_EV_Root_Certification_Authority_ECC.pem

Adding debian:OISTE_WISeKey_Global_Root_GC_CA.pem

Adding debian:DigiCert_Global_Root_G2.pem

Adding debian:Atos_TrustedRoot_2011.pem

Adding debian:GLOBALTRUST_2020.pem

Adding debian:Buypass_Class_3_Root_CA.pem

Adding debian:Entrust_Root_Certification_Authority_-_G2.pem

Adding debian:Certigna.pem

Adding debian:QuoVadis_Root_CA_3_G3.pem

Adding debian:Network_Solutions_Certificate_Authority.pem

Adding debian:CFCA_EV_ROOT.pem

Adding debian:TWCA_Global_Root_CA.pem

Adding debian:T-TeleSec_GlobalRoot_Class_3.pem

Adding debian:Entrust_Root_Certification_Authority_-_EC1.pem

Adding debian:SZAFIR_ROOT_CA2.pem

Adding debian:Security_Communication_Root_CA.pem

Adding debian:SSL.com_EV_Root_Certification_Authority_RSA_R2.pem

Adding debian:D-TRUST_Root_Class_3_CA_2_2009.pem

Adding debian:QuoVadis_Root_CA_2.pem

Adding debian:Buypass_Class_2_Root_CA.pem

Adding debian:certSIGN_Root_CA_G2.pem

Adding debian:GlobalSign_Root_CA_-_R2.pem

Adding debian:SecureTrust_CA.pem

Adding debian:Microsec_e-Szigno_Root_CA_2009.pem

Adding debian:Starfield_Services_Root_Certificate_Authority_-_G2.pem

Adding debian:emSign_ECC_Root_CA_-_C3.pem

Adding debian:Hongkong_Post_Root_CA_1.pem

Adding debian:SwissSign_Gold_CA_-_G2.pem

Adding debian:COMODO_ECC_Certification_Authority.pem

Adding debian:Certum_EC-384_CA.pem

Adding debian:ANF_Secure_Server_Root_CA.pem

Adding debian:GDCA_TrustAUTH_R5_ROOT.pem

Adding debian:TUBITAK_Kamu_SM_SSL_Kok_Sertifikasi_-_Surum_1.pem

Adding debian:CA_Disig_Root_R2.pem

Adding debian:UCA_Extended_Validation_Root.pem

Adding debian:Staat_der_Nederlanden_EV_Root_CA.pem

Adding debian:DigiCert_Assured_ID_Root_G2.pem

Adding debian:EC-ACC.pem

Adding debian:Amazon_Root_CA_4.pem

Adding debian:Hellenic_Academic_and_Research_Institutions_RootCA_2011.pem

Adding debian:AffirmTrust_Networking.pem

Adding debian:COMODO_Certification_Authority.pem

Adding debian:Entrust.net_Premium_2048_Secure_Server_CA.pem

Adding debian:SwissSign_Silver_CA_-_G2.pem

Adding debian:GTS_Root_R1.pem

Adding debian:Hellenic_Academic_and_Research_Institutions_ECC_RootCA_2015.pem

Adding debian:GlobalSign_Root_CA.pem

Adding debian:Hellenic_Academic_and_Research_Institutions_RootCA_2015.pem

Adding debian:GTS_Root_R3.pem

Adding debian:Microsoft_ECC_Root_Certificate_Authority_2017.pem

Adding debian:Amazon_Root_CA_3.pem

Adding debian:GlobalSign_ECC_Root_CA_-_R4.pem

Adding debian:SSL.com_Root_Certification_Authority_RSA.pem

Adding debian:ACCVRAIZ1.pem

Adding debian:Security_Communication_RootCA2.pem

Adding debian:QuoVadis_Root_CA_1_G3.pem

Adding debian:GlobalSign_Root_CA_-_R6.pem

Adding debian:Cybertrust_Global_Root.pem

Adding debian:Go_Daddy_Root_Certificate_Authority_-_G2.pem

Adding debian:E-Tugra_Certification_Authority.pem

Adding debian:GlobalSign_Root_E46.pem

Adding debian:NAVER_Global_Root_Certification_Authority.pem

Adding debian:emSign_Root_CA_-_C1.pem

Adding debian:IdenTrust_Public_Sector_Root_CA_1.pem

Adding debian:DigiCert_Assured_ID_Root_G3.pem

Adding debian:UCA_Global_G2_Root.pem

Adding debian:Autoridad_de_Certificacion_Firmaprofesional_CIF_A62634068.pem

Adding debian:ePKI_Root_Certification_Authority.pem

Adding debian:DigiCert_Trusted_Root_G4.pem

Adding debian:Trustwave_Global_Certification_Authority.pem

Adding debian:Baltimore_CyberTrust_Root.pem

Adding debian:Hongkong_Post_Root_CA_3.pem

Adding debian:QuoVadis_Root_CA_3.pem

Adding debian:Trustwave_Global_ECC_P384_Certification_Authority.pem

Adding debian:T-TeleSec_GlobalRoot_Class_2.pem

Adding debian:QuoVadis_Root_CA_2_G3.pem

Adding debian:AffirmTrust_Premium.pem

Adding debian:Amazon_Root_CA_2.pem

Adding debian:Starfield_Class_2_CA.pem

Adding debian:AC_RAIZ_FNMT-RCM_SERVIDORES_SEGUROS.pem

Adding debian:emSign_Root_CA_-_G1.pem

Adding debian:Entrust_Root_Certification_Authority_-_G4.pem

Adding debian:GTS_Root_R4.pem

Adding debian:AC_RAIZ_FNMT-RCM.pem

Adding debian:emSign_ECC_Root_CA_-_G3.pem

Adding debian:NetLock_Arany_=Class_Gold=_Főtanúsítvány.pem

Adding debian:USERTrust_ECC_Certification_Authority.pem

Adding debian:Starfield_Root_Certificate_Authority_-_G2.pem

Adding debian:COMODO_RSA_Certification_Authority.pem

Adding debian:Comodo_AAA_Services_root.pem

Adding debian:GlobalSign_ECC_Root_CA_-_R5.pem

Adding debian:Amazon_Root_CA_1.pem

Adding debian:Certum_Trusted_Network_CA.pem

Adding debian:SSL.com_Root_Certification_Authority_ECC.pem

Adding debian:GlobalSign_Root_CA_-_R3.pem

Adding debian:Certum_Trusted_Network_CA_2.pem

Adding debian:Certigna_Root_CA.pem

Adding debian:certSIGN_ROOT_CA.pem

Adding debian:e-Szigno_Root_CA_2017.pem

Adding debian:IdenTrust_Commercial_Root_CA_1.pem

Adding debian:ssl-cert-snakeoil.pem

Adding debian:Izenpe.com.pem

Adding debian:OISTE_WISeKey_Global_Root_GB_CA.pem

Adding debian:Microsoft_RSA_Root_Certificate_Authority_2017.pem

Adding debian:ISRG_Root_X1.pem

Adding debian:DigiCert_Global_Root_CA.pem

Adding debian:DigiCert_Assured_ID_Root_CA.pem

Adding debian:D-TRUST_Root_Class_3_CA_2_EV_2009.pem

Adding debian:TWCA_Root_Certification_Authority.pem

Adding debian:AffirmTrust_Premium_ECC.pem

Adding debian:DigiCert_Global_Root_G3.pem

Adding debian:XRamp_Global_CA_Root.pem

Adding debian:USERTrust_RSA_Certification_Authority.pem

Adding debian:SecureSign_RootCA11.pem

Adding debian:GTS_Root_R2.pem

Adding debian:Trustwave_Global_ECC_P256_Certification_Authority.pem

Adding debian:AffirmTrust_Commercial.pem

Adding debian:Secure_Global_CA.pem

Adding debian:Actalis_Authentication_Root_CA.pem

Adding debian:Go_Daddy_Class_2_CA.pem

Adding debian:DigiCert_High_Assurance_EV_Root_CA.pem

Adding debian:Entrust_Root_Certification_Authority.pem

Adding debian:TeliaSonera_Root_CA_v1.pem

Adding debian:GlobalSign_Root_R46.pem

done.

Processing triggers for man-db (2.10.2-1) ...

Processing triggers for ca-certificates (20211016ubuntu0.22.04.1) ...

Updating certificates in /etc/ssl/certs...

0 added, 0 removed; done.

Running hooks in /etc/ca-certificates/update.d...



done.

done.

dilshan@dilshan-ubuntu:~$ java

Usage: java [options] <mainclass> [args...]

           (to execute a class)

   or  java [options] -jar <jarfile> [args...]

           (to execute a jar file)

   or  java [options] -m <module>[/<mainclass>] [args...]

       java [options] --module <module>[/<mainclass>] [args...]

           (to execute the main class in a module)

   or  java [options] <sourcefile> [args]

           (to execute a single source-file program)



 Arguments following the main class, source file, -jar <jarfile>,

 -m or --module <module>/<mainclass> are passed as the arguments to

 main class.



 where options include:



    -zero	  to select the "zero" VM

    -dcevm	  to select the "dcevm" VM

    -cp <class search path of directories and zip/jar files>

    -classpath <class search path of directories and zip/jar files>

    --class-path <class search path of directories and zip/jar files>

                  A : separated list of directories, JAR archives,

                  and ZIP archives to search for class files.

    -p <module path>

    --module-path <module path>...

                  A : separated list of directories, each directory

                  is a directory of modules.

    --upgrade-module-path <module path>...

                  A : separated list of directories, each directory

                  is a directory of modules that replace upgradeable

                  modules in the runtime image

    --add-modules <module name>[,<module name>...]

                  root modules to resolve in addition to the initial module.

                  <module name> can also be ALL-DEFAULT, ALL-SYSTEM,

                  ALL-MODULE-PATH.

    --enable-native-access <module name>[,<module name>...]

                  modules that are permitted to perform restricted native operations.

                  <module name> can also be ALL-UNNAMED.

    --list-modules

                  list observable modules and exit

    -d <module name>

    --describe-module <module name>

                  describe a module and exit

    --dry-run     create VM and load main class but do not execute main method.

                  The --dry-run option may be useful for validating the

                  command-line options such as the module system configuration.

    --validate-modules

                  validate all modules and exit

                  The --validate-modules option may be useful for finding

                  conflicts and other errors with modules on the module path.

    -D<name>=<value>

                  set a system property

    -verbose:[class|module|gc|jni]

                  enable verbose output for the given subsystem

    -version      print product version to the error stream and exit

    --version     print product version to the output stream and exit

    -showversion  print product version to the error stream and continue

    --show-version

                  print product version to the output stream and continue

    --show-module-resolution

                  show module resolution output during startup

    -? -h -help

                  print this help message to the error stream

    --help        print this help message to the output stream

    -X            print help on extra options to the error stream

    --help-extra  print help on extra options to the output stream

    -ea[:<packagename>...|:<classname>]

    -enableassertions[:<packagename>...|:<classname>]

                  enable assertions with specified granularity

    -da[:<packagename>...|:<classname>]

    -disableassertions[:<packagename>...|:<classname>]

                  disable assertions with specified granularity

    -esa | -enablesystemassertions

                  enable system assertions

    -dsa | -disablesystemassertions

                  disable system assertions

    -agentlib:<libname>[=<options>]

                  load native agent library <libname>, e.g. -agentlib:jdwp

                  see also -agentlib:jdwp=help

    -agentpath:<pathname>[=<options>]

                  load native agent library by full pathname

    -javaagent:<jarpath>[=<options>]

                  load Java programming language agent, see java.lang.instrument

    -splash:<imagepath>

                  show splash screen with specified image

                  HiDPI scaled images are automatically supported and used

                  if available. The unscaled image filename, e.g. image.ext,

                  should always be passed as the argument to the -splash option.

                  The most appropriate scaled image provided will be picked up

                  automatically.

                  See the SplashScreen API documentation for more information

    @argument files

                  one or more argument files containing options

    -disable-@files

                  prevent further argument file expansion

    --enable-preview

                  allow classes to depend on preview features of this release

To specify an argument for a long option, you can use --<name>=<value> or

--<name> <value>.



dilshan@dilshan-ubuntu:~$ java --version

openjdk 17.0.7 2023-04-18

OpenJDK Runtime Environment (build 17.0.7+7-Ubuntu-0ubuntu122.04.2)

OpenJDK 64-Bit Server VM (build 17.0.7+7-Ubuntu-0ubuntu122.04.2, mixed mode, sharing)

dilshan@dilshan-ubuntu:~$ sudo apt remove openjdk-17-jre-headless

Reading package lists... Done

Building dependency tree... Done

Reading state information... Done

The following packages were automatically installed and are no longer required:

  ca-certificates-java default-jre-headless java-common openjdk-11-jre-headless

Use 'sudo apt autoremove' to remove them.

The following additional packages will be installed:

  default-jre-headless openjdk-11-jre-headless

Suggested packages:

  default-jre fonts-dejavu-extra fonts-ipafont-gothic fonts-ipafont-mincho fonts-wqy-microhei | fonts-wqy-zenhei

The following packages will be REMOVED:

  openjdk-17-jre-headless

The following NEW packages will be installed:

  default-jre-headless openjdk-11-jre-headless

0 upgraded, 2 newly installed, 1 to remove and 152 not upgraded.

Need to get 42,5 MB of archives.

After this operation, 16,9 MB disk space will be freed.

Do you want to continue? [Y/n] n

Abort.

dilshan@dilshan-ubuntu:~$ sudo apt autoremove openjdk-17-jre-headless

Reading package lists... Done

Building dependency tree... Done

Reading state information... Done

The following packages will be REMOVED:

  ca-certificates-java java-common openjdk-17-jre-headless

0 upgraded, 0 newly installed, 3 to remove and 152 not upgraded.

After this operation, 193 MB disk space will be freed.

Do you want to continue? [Y/n] Y

(Reading database ... 198192 files and directories currently installed.)

Removing openjdk-17-jre-headless:amd64 (17.0.7+7~us1-0ubuntu1~22.04.2) ...

Removing java-common (0.72build2) ...

Removing ca-certificates-java (20190909ubuntu1.1) ...

Processing triggers for ca-certificates (20211016ubuntu0.22.04.1) ...

Updating certificates in /etc/ssl/certs...

0 added, 0 removed; done.

Running hooks in /etc/ca-certificates/update.d...



updates of cacerts keystore disabled.

done.

Processing triggers for man-db (2.10.2-1) ...

dilshan@dilshan-ubuntu:~$ java

bash: /usr/bin/java: No such file or directory

------------------------------------------------------------------------------------------------

dilshan@dilshan-ubuntu:~$ apt-get

apt 2.4.8 (amd64)

Usage: apt-get [options] command

       apt-get [options] install|remove pkg1 [pkg2 ...]

       apt-get [options] source pkg1 [pkg2 ...]



apt-get is a command line interface for retrieval of packages

and information about them from authenticated sources and

for installation, upgrade and removal of packages together

with their dependencies.



Most used commands:

  update - Retrieve new lists of packages

  upgrade - Perform an upgrade

  install - Install new packages (pkg is libc6 not libc6.deb)

  reinstall - Reinstall packages (pkg is libc6 not libc6.deb)

  remove - Remove packages

  purge - Remove packages and config files

  autoremove - Remove automatically all unused packages

  dist-upgrade - Distribution upgrade, see apt-get(8)

  dselect-upgrade - Follow dselect selections

  build-dep - Configure build-dependencies for source packages

  satisfy - Satisfy dependency strings

  clean - Erase downloaded archive files

  autoclean - Erase old downloaded archive files

  check - Verify that there are no broken dependencies

  source - Download source archives

  download - Download the binary package into the current directory

  changelog - Download and display the changelog for the given package



See apt-get(8) for more information about the available commands.

Configuration options and syntax is detailed in apt.conf(5).

Information about how to configure sources can be found in sources.list(5).

Package and version choices can be expressed via apt_preferences(5).

Security details are available in apt-secure(8).

                                        This APT has Super Cow Powers.

------------------------------------------------------------------------------------------------

dilshan@dilshan-ubuntu:~$ sudo snap install code --classic

code b3e4e68a from Visual Studio Code (vscode✓) installed



