Win10-L@LAPTOP-J72U8K6I MINGW64 /d/gitNana/localproject
$ git status
fatal: not a git repository (or any of the parent directories): .git

Win10-L@LAPTOP-J72U8K6I MINGW64 /d/gitNana/localproject
$ ls -a
./  ../  index.html

Win10-L@LAPTOP-J72U8K6I MINGW64 /d/gitNana/localproject
$ git init
Initialized empty Git repository in D:/gitNana/localproject/.git/

Win10-L@LAPTOP-J72U8K6I MINGW64 /d/gitNana/localproject (master)
$ ls -a
./  ../  .git/  index.html

Win10-L@LAPTOP-J72U8K6I MINGW64 /d/gitNana/localproject (master)
$ git status
On branch master

No commits yet

Untracked files:
  (use "git add <file>..." to include in what will be committed)
        index.html

nothing added to commit but untracked files present (use "git add" to track)

Win10-L@LAPTOP-J72U8K6I MINGW64 /d/gitNana/localproject (master)
$ git add .

Win10-L@LAPTOP-J72U8K6I MINGW64 /d/gitNana/localproject (master)
$ git status
On branch master

No commits yet

Changes to be committed:
  (use "git rm --cached <file>..." to unstage)
        new file:   index.html


Win10-L@LAPTOP-J72U8K6I MINGW64 /d/gitNana/localproject (master)
$ git commit
[master (root-commit) 4a7331e] Add local web project to remote repo
 1 file changed, 18 insertions(+)
 create mode 100644 index.html

Win10-L@LAPTOP-J72U8K6I MINGW64 /d/gitNana/localproject (master)
$ git status
On branch master
nothing to commit, working tree clean

Win10-L@LAPTOP-J72U8K6I MINGW64 /d/gitNana/localproject (master)
$ git push
fatal: No configured push destination.
Either specify the URL from the command-line or configure a remote repository using

    git remote add <name> <url>

and then push using the remote name

    git push <name>


Win10-L@LAPTOP-J72U8K6I MINGW64 /d/gitNana/localproject (master)
$ git remote add origin git@gitlab.com:dilshanpeiris51/webproject.git

Win10-L@LAPTOP-J72U8K6I MINGW64 /d/gitNana/localproject (master)
$ git push
fatal: The current branch master has no upstream branch.
To push the current branch and set the remote as upstream, use

    git push --set-upstream origin master

To have this happen automatically for branches without a tracking
upstream, see 'push.autoSetupRemote' in 'git help config'.


Win10-L@LAPTOP-J72U8K6I MINGW64 /d/gitNana/localproject (master)
$ git push --set-upstream origin master
Enumerating objects: 3, done.
Counting objects: 100% (3/3), done.
Delta compression using up to 8 threads
Compressing objects: 100% (2/2), done.
Writing objects: 100% (3/3), 481 bytes | 481.00 KiB/s, done.
Total 3 (delta 0), reused 0 (delta 0), pack-reused 0
To gitlab.com:dilshanpeiris51/webproject.git
 * [new branch]      master -> master
branch 'master' set up to track 'origin/master'.
