Win10-L@LAPTOP-J72U8K6I MINGW64 /d/gitNana/MyProject (main)
$ vim README.md

Win10-L@LAPTOP-J72U8K6I MINGW64 /d/gitNana/MyProject (main)
$ git status
On branch main

No commits yet

Untracked files:
  (use "git add <file>..." to include in what will be committed)
        README.md

nothing added to commit but untracked files present (use "git add" to track)

Win10-L@LAPTOP-J72U8K6I MINGW64 /d/gitNana/MyProject (main)
$ git add .
warning: in the working copy of 'README.md', LF will be replaced by CRLF the next time Git touches it

Win10-L@LAPTOP-J72U8K6I MINGW64 /d/gitNana/MyProject (main)
$ git status
On branch main

No commits yet

Changes to be committed:
  (use "git rm --cached <file>..." to unstage)
        new file:   README.md


Win10-L@LAPTOP-J72U8K6I MINGW64 /d/gitNana/MyProject (main)
$ vim README.md

Win10-L@LAPTOP-J72U8K6I MINGW64 /d/gitNana/MyProject (main)
$ git status
On branch main

No commits yet

Changes to be committed:
  (use "git rm --cached <file>..." to unstage)
        new file:   README.md

Changes not staged for commit:
  (use "git add <file>..." to update what will be committed)
  (use "git restore <file>..." to discard changes in working directory)
        modified:   README.md


Win10-L@LAPTOP-J72U8K6I MINGW64 /d/gitNana/MyProject (main)
$ git commit
[main (root-commit) 81c2476] Add README.md file
 1 file changed, 1 insertion(+)
 create mode 100644 README.md

Win10-L@LAPTOP-J72U8K6I MINGW64 /d/gitNana/MyProject (main)
$ git status
On branch main
Your branch is based on 'origin/main', but the upstream is gone.
  (use "git branch --unset-upstream" to fixup)

Changes not staged for commit:
  (use "git add <file>..." to update what will be committed)
  (use "git restore <file>..." to discard changes in working directory)
        modified:   README.md

no changes added to commit (use "git add" and/or "git commit -a")

Win10-L@LAPTOP-J72U8K6I MINGW64 /d/gitNana/MyProject (main)
$ git log
commit 81c24763d3751aa5fe80c8ee42240dbb007fc21e (HEAD -> main)
Author: Dilshan Peiris <dilshanpeiris51@gmail.com>
Date:   Sun May 21 11:38:07 2023 +0200

    Add README.md file

Win10-L@LAPTOP-J72U8K6I MINGW64 /d/gitNana/MyProject (main)
$ git push
Enumerating objects: 3, done.
Counting objects: 100% (3/3), done.
Writing objects: 100% (3/3), 253 bytes | 253.00 KiB/s, done.
Total 3 (delta 0), reused 0 (delta 0), pack-reused 0
To gitlab.com:dilshanpeiris51/myproject.git
 * [new branch]      main -> main
